Archive member included because of file (symbol)

c:/program files/atmel/avr tools/avr toolchain/bin/../lib/gcc/avr/4.5.1/avr5\libgcc.a(_exit.o)
                              c:/program files/atmel/avr tools/avr toolchain/bin/../lib/gcc/avr/4.5.1/../../../../avr/lib/avr5/crtm32.o (exit)
c:/program files/atmel/avr tools/avr toolchain/bin/../lib/gcc/avr/4.5.1/avr5\libgcc.a(_copy_data.o)
                              hacsmain.o (__do_copy_data)
c:/program files/atmel/avr tools/avr toolchain/bin/../lib/gcc/avr/4.5.1/avr5\libgcc.a(_clear_bss.o)
                              hacsmain.o (__do_clear_bss)
c:/program files/atmel/avr tools/avr toolchain/bin/../lib/gcc/avr/4.5.1/../../../../avr/lib/avr5\libc.a(sprintf.o)
                              Packet.o (sprintf)
c:/program files/atmel/avr tools/avr toolchain/bin/../lib/gcc/avr/4.5.1/../../../../avr/lib/avr5\libc.a(vfprintf_std.o)
                              c:/program files/atmel/avr tools/avr toolchain/bin/../lib/gcc/avr/4.5.1/../../../../avr/lib/avr5\libc.a(sprintf.o) (vfprintf)
c:/program files/atmel/avr tools/avr toolchain/bin/../lib/gcc/avr/4.5.1/../../../../avr/lib/avr5\libc.a(strnlen_P.o)
                              c:/program files/atmel/avr tools/avr toolchain/bin/../lib/gcc/avr/4.5.1/../../../../avr/lib/avr5\libc.a(vfprintf_std.o) (strnlen_P)
c:/program files/atmel/avr tools/avr toolchain/bin/../lib/gcc/avr/4.5.1/../../../../avr/lib/avr5\libc.a(strnlen.o)
                              c:/program files/atmel/avr tools/avr toolchain/bin/../lib/gcc/avr/4.5.1/../../../../avr/lib/avr5\libc.a(vfprintf_std.o) (strnlen)
c:/program files/atmel/avr tools/avr toolchain/bin/../lib/gcc/avr/4.5.1/../../../../avr/lib/avr5\libc.a(fputc.o)
                              c:/program files/atmel/avr tools/avr toolchain/bin/../lib/gcc/avr/4.5.1/../../../../avr/lib/avr5\libc.a(vfprintf_std.o) (fputc)
c:/program files/atmel/avr tools/avr toolchain/bin/../lib/gcc/avr/4.5.1/../../../../avr/lib/avr5\libc.a(ultoa_invert.o)
                              c:/program files/atmel/avr tools/avr toolchain/bin/../lib/gcc/avr/4.5.1/../../../../avr/lib/avr5\libc.a(vfprintf_std.o) (__ultoa_invert)
c:/program files/atmel/avr tools/avr toolchain/bin/../lib/gcc/avr/4.5.1/avr5\libgcc.a(_prologue.o)
                              c:/program files/atmel/avr tools/avr toolchain/bin/../lib/gcc/avr/4.5.1/../../../../avr/lib/avr5\libc.a(sprintf.o) (__prologue_saves__)
c:/program files/atmel/avr tools/avr toolchain/bin/../lib/gcc/avr/4.5.1/avr5\libgcc.a(_epilogue.o)
                              c:/program files/atmel/avr tools/avr toolchain/bin/../lib/gcc/avr/4.5.1/../../../../avr/lib/avr5\libc.a(sprintf.o) (__epilogue_restores__)

Allocating common symbols
Common symbol       size              file

password            0x4               KeyPad.o
tmp                 0x1               LcdDriver.o
destination         0x1               Packet.o
command             0x1               hacsmain.o
rooms               0x4               KeyPad.o
Hexbuffer           0x2               RFIDstate.o
source              0x1               Packet.o
disp_buffer         0x20              LcdDriver.o
buffer              0xe               RFIDstate.o
dataBuffer          0x32              Packet.o
key                 0x1               RFIDstate.o
access              0x1               KeyPad.o
checksum            0x1               Packet.o
keyit               0x1               KeyPad.o
dataLength          0x1               Packet.o
row                 0x1               KeyPad.o

Memory Configuration

Name             Origin             Length             Attributes
text             0x00000000         0x00020000         xr
data             0x00800060         0x0000ffa0         rw !x
eeprom           0x00810000         0x00010000         rw !x
fuse             0x00820000         0x00000400         rw !x
lock             0x00830000         0x00000400         rw !x
signature        0x00840000         0x00000400         rw !x
*default*        0x00000000         0xffffffff

Linker script and memory map

LOAD c:/program files/atmel/avr tools/avr toolchain/bin/../lib/gcc/avr/4.5.1/../../../../avr/lib/avr5/crtm32.o
LOAD hacsmain.o
LOAD LcdDriver.o
LOAD KeyPad.o
LOAD UART.o
LOAD SPI.o
LOAD Packet.o
LOAD Timer.o
LOAD RFIDstate.o
LOAD Light.o
LOAD c:/program files/atmel/avr tools/avr toolchain/bin/../lib/gcc/avr/4.5.1/avr5\libgcc.a
LOAD c:/program files/atmel/avr tools/avr toolchain/bin/../lib/gcc/avr/4.5.1/../../../../avr/lib/avr5\libc.a
LOAD c:/program files/atmel/avr tools/avr toolchain/bin/../lib/gcc/avr/4.5.1/avr5\libgcc.a

.hash
 *(.hash)

.dynsym
 *(.dynsym)

.dynstr
 *(.dynstr)

.gnu.version
 *(.gnu.version)

.gnu.version_d
 *(.gnu.version_d)

.gnu.version_r
 *(.gnu.version_r)

.rel.init
 *(.rel.init)

.rela.init
 *(.rela.init)

.rel.text
 *(.rel.text)
 *(.rel.text.*)
 *(.rel.gnu.linkonce.t*)

.rela.text
 *(.rela.text)
 *(.rela.text.*)
 *(.rela.gnu.linkonce.t*)

.rel.fini
 *(.rel.fini)

.rela.fini
 *(.rela.fini)

.rel.rodata
 *(.rel.rodata)
 *(.rel.rodata.*)
 *(.rel.gnu.linkonce.r*)

.rela.rodata
 *(.rela.rodata)
 *(.rela.rodata.*)
 *(.rela.gnu.linkonce.r*)

.rel.data
 *(.rel.data)
 *(.rel.data.*)
 *(.rel.gnu.linkonce.d*)

.rela.data
 *(.rela.data)
 *(.rela.data.*)
 *(.rela.gnu.linkonce.d*)

.rel.ctors
 *(.rel.ctors)

.rela.ctors
 *(.rela.ctors)

.rel.dtors
 *(.rel.dtors)

.rela.dtors
 *(.rela.dtors)

.rel.got
 *(.rel.got)

.rela.got
 *(.rela.got)

.rel.bss
 *(.rel.bss)

.rela.bss
 *(.rela.bss)

.rel.plt
 *(.rel.plt)

.rela.plt
 *(.rela.plt)

.text           0x00000000      0xffa
 *(.vectors)
 .vectors       0x00000000       0x54 c:/program files/atmel/avr tools/avr toolchain/bin/../lib/gcc/avr/4.5.1/../../../../avr/lib/avr5/crtm32.o
                0x00000000                __vector_default
                0x00000000                __vectors
 *(.vectors)
 *(.progmem.gcc*)
 *(.progmem*)
                0x00000054                . = ALIGN (0x2)
                0x00000054                __trampolines_start = .
 *(.trampolines)
 .trampolines   0x00000054        0x0 linker stubs
 *(.trampolines*)
                0x00000054                __trampolines_end = .
 *(.jumptables)
 *(.jumptables*)
 *(.lowtext)
 *(.lowtext*)
                0x00000054                __ctors_start = .
 *(.ctors)
                0x00000054                __ctors_end = .
                0x00000054                __dtors_start = .
 *(.dtors)
                0x00000054                __dtors_end = .
 SORT(*)(.ctors)
 SORT(*)(.dtors)
 *(.init0)
 .init0         0x00000054        0x0 c:/program files/atmel/avr tools/avr toolchain/bin/../lib/gcc/avr/4.5.1/../../../../avr/lib/avr5/crtm32.o
                0x00000054                __init
 *(.init0)
 *(.init1)
 *(.init1)
 *(.init2)
 .init2         0x00000054        0xc c:/program files/atmel/avr tools/avr toolchain/bin/../lib/gcc/avr/4.5.1/../../../../avr/lib/avr5/crtm32.o
 *(.init2)
 *(.init3)
 *(.init3)
 *(.init4)
 .init4         0x00000060       0x16 c:/program files/atmel/avr tools/avr toolchain/bin/../lib/gcc/avr/4.5.1/avr5\libgcc.a(_copy_data.o)
                0x00000060                __do_copy_data
 .init4         0x00000076       0x10 c:/program files/atmel/avr tools/avr toolchain/bin/../lib/gcc/avr/4.5.1/avr5\libgcc.a(_clear_bss.o)
                0x00000076                __do_clear_bss
 *(.init4)
 *(.init5)
 *(.init5)
 *(.init6)
 *(.init6)
 *(.init7)
 *(.init7)
 *(.init8)
 *(.init8)
 *(.init9)
 .init9         0x00000086        0x8 c:/program files/atmel/avr tools/avr toolchain/bin/../lib/gcc/avr/4.5.1/../../../../avr/lib/avr5/crtm32.o
 *(.init9)
 *(.text)
 .text          0x0000008e        0x4 c:/program files/atmel/avr tools/avr toolchain/bin/../lib/gcc/avr/4.5.1/../../../../avr/lib/avr5/crtm32.o
                0x0000008e                __vector_12
                0x0000008e                __bad_interrupt
                0x0000008e                __vector_6
                0x0000008e                __vector_3
                0x0000008e                __vector_17
                0x0000008e                __vector_19
                0x0000008e                __vector_7
                0x0000008e                __vector_5
                0x0000008e                __vector_4
                0x0000008e                __vector_9
                0x0000008e                __vector_15
                0x0000008e                __vector_8
                0x0000008e                __vector_14
                0x0000008e                __vector_10
                0x0000008e                __vector_16
                0x0000008e                __vector_18
                0x0000008e                __vector_20
 .text          0x00000092       0x9a hacsmain.o
                0x00000092                main
                0x000000c6                __vector_13
 .text          0x0000012c      0x1fa LcdDriver.o
                0x0000012c                lcd_nibble_transfer
                0x0000014a                lcd_transfer
                0x0000016a                lcd_data_write
                0x0000017c                lcd_cmd_write
                0x0000018e                lcdClear
                0x0000019c                LCDPutString
                0x000001c4                lcd_wait
                0x000001c6                GoTo
                0x000001f0                clearLine
                0x00000232                lcd_init
 .text          0x00000326      0x2da KeyPad.o
                0x00000326                key_init
                0x00000338                key_look
                0x000003dc                key_read
                0x0000043a                EnterPassword
                0x0000052a                isValidate
                0x00000530                choose_room
 .text          0x00000600       0x56 UART.o
                0x00000600                init_uart
                0x0000061e                uart_transmit
                0x00000626                uart_recieve
                0x0000062e                PutString
 .text          0x00000656       0x2a SPI.o
                0x00000656                SPI_MasterInit
                0x0000066a                receiveSPI
                0x00000674                SPI_MasterTransmit
 .text          0x00000680      0x16a Packet.o
                0x00000680                sendpacket
                0x00000786                getDataFromPacket
                0x000007aa                receivePacket
 .text          0x000007ea       0x22 Timer.o
                0x000007ea                init
 .text          0x0000080c      0x21c RFIDstate.o
                0x0000080c                RFID_state
                0x0000085a                __vector_1
                0x000008c4                __vector_2
                0x000008fa                __vector_11
 .text          0x00000a28        0xc Light.o
                0x00000a28                Light_on
                0x00000a2e                light_Off
 .text          0x00000a34        0x0 c:/program files/atmel/avr tools/avr toolchain/bin/../lib/gcc/avr/4.5.1/avr5\libgcc.a(_exit.o)
 .text          0x00000a34        0x0 c:/program files/atmel/avr tools/avr toolchain/bin/../lib/gcc/avr/4.5.1/avr5\libgcc.a(_copy_data.o)
 .text          0x00000a34        0x0 c:/program files/atmel/avr tools/avr toolchain/bin/../lib/gcc/avr/4.5.1/avr5\libgcc.a(_clear_bss.o)
 .text          0x00000a34        0x0 c:/program files/atmel/avr tools/avr toolchain/bin/../lib/gcc/avr/4.5.1/../../../../avr/lib/avr5\libc.a(sprintf.o)
 .text          0x00000a34        0x0 c:/program files/atmel/avr tools/avr toolchain/bin/../lib/gcc/avr/4.5.1/../../../../avr/lib/avr5\libc.a(vfprintf_std.o)
 .text          0x00000a34        0x0 c:/program files/atmel/avr tools/avr toolchain/bin/../lib/gcc/avr/4.5.1/../../../../avr/lib/avr5\libc.a(strnlen_P.o)
 .text          0x00000a34        0x0 c:/program files/atmel/avr tools/avr toolchain/bin/../lib/gcc/avr/4.5.1/../../../../avr/lib/avr5\libc.a(strnlen.o)
 .text          0x00000a34        0x0 c:/program files/atmel/avr tools/avr toolchain/bin/../lib/gcc/avr/4.5.1/../../../../avr/lib/avr5\libc.a(fputc.o)
 .text          0x00000a34        0x0 c:/program files/atmel/avr tools/avr toolchain/bin/../lib/gcc/avr/4.5.1/../../../../avr/lib/avr5\libc.a(ultoa_invert.o)
 .text          0x00000a34        0x0 c:/program files/atmel/avr tools/avr toolchain/bin/../lib/gcc/avr/4.5.1/avr5\libgcc.a(_prologue.o)
 .text          0x00000a34        0x0 c:/program files/atmel/avr tools/avr toolchain/bin/../lib/gcc/avr/4.5.1/avr5\libgcc.a(_epilogue.o)
                0x00000a34                . = ALIGN (0x2)
 *(.text.*)
 .text.libgcc   0x00000a34        0x0 c:/program files/atmel/avr tools/avr toolchain/bin/../lib/gcc/avr/4.5.1/avr5\libgcc.a(_exit.o)
 .text.libgcc   0x00000a34        0x0 c:/program files/atmel/avr tools/avr toolchain/bin/../lib/gcc/avr/4.5.1/avr5\libgcc.a(_copy_data.o)
 .text.libgcc   0x00000a34        0x0 c:/program files/atmel/avr tools/avr toolchain/bin/../lib/gcc/avr/4.5.1/avr5\libgcc.a(_clear_bss.o)
 .text.avr-libc
                0x00000a34       0x46 c:/program files/atmel/avr tools/avr toolchain/bin/../lib/gcc/avr/4.5.1/../../../../avr/lib/avr5\libc.a(sprintf.o)
                0x00000a34                sprintf
 .text.avr-libc
                0x00000a7a      0x3ce c:/program files/atmel/avr tools/avr toolchain/bin/../lib/gcc/avr/4.5.1/../../../../avr/lib/avr5\libc.a(vfprintf_std.o)
                0x00000a7a                vfprintf
 .text.avr-libc
                0x00000e48       0x16 c:/program files/atmel/avr tools/avr toolchain/bin/../lib/gcc/avr/4.5.1/../../../../avr/lib/avr5\libc.a(strnlen_P.o)
                0x00000e48                strnlen_P
 .text.avr-libc
                0x00000e5e       0x16 c:/program files/atmel/avr tools/avr toolchain/bin/../lib/gcc/avr/4.5.1/../../../../avr/lib/avr5\libc.a(strnlen.o)
                0x00000e5e                strnlen
 .text.avr-libc
                0x00000e74       0x58 c:/program files/atmel/avr tools/avr toolchain/bin/../lib/gcc/avr/4.5.1/../../../../avr/lib/avr5\libc.a(fputc.o)
                0x00000e74                fputc
 .text.avr-libc
                0x00000ecc       0xbc c:/program files/atmel/avr tools/avr toolchain/bin/../lib/gcc/avr/4.5.1/../../../../avr/lib/avr5\libc.a(ultoa_invert.o)
                0x00000ecc                __ultoa_invert
 .text.libgcc   0x00000f88       0x38 c:/program files/atmel/avr tools/avr toolchain/bin/../lib/gcc/avr/4.5.1/avr5\libgcc.a(_prologue.o)
                0x00000f88                __prologue_saves__
 .text.libgcc   0x00000fc0       0x36 c:/program files/atmel/avr tools/avr toolchain/bin/../lib/gcc/avr/4.5.1/avr5\libgcc.a(_epilogue.o)
                0x00000fc0                __epilogue_restores__
                0x00000ff6                . = ALIGN (0x2)
 *(.fini9)
 .fini9         0x00000ff6        0x0 c:/program files/atmel/avr tools/avr toolchain/bin/../lib/gcc/avr/4.5.1/avr5\libgcc.a(_exit.o)
                0x00000ff6                _exit
                0x00000ff6                exit
 *(.fini9)
 *(.fini8)
 *(.fini8)
 *(.fini7)
 *(.fini7)
 *(.fini6)
 *(.fini6)
 *(.fini5)
 *(.fini5)
 *(.fini4)
 *(.fini4)
 *(.fini3)
 *(.fini3)
 *(.fini2)
 *(.fini2)
 *(.fini1)
 *(.fini1)
 *(.fini0)
 .fini0         0x00000ff6        0x4 c:/program files/atmel/avr tools/avr toolchain/bin/../lib/gcc/avr/4.5.1/avr5\libgcc.a(_exit.o)
 *(.fini0)
                0x00000ffa                _etext = .

.data           0x00800060      0x120 load address 0x00000ffa
                0x00800060                PROVIDE (__data_start, .)
 *(.data)
 .data          0x00800060        0x0 c:/program files/atmel/avr tools/avr toolchain/bin/../lib/gcc/avr/4.5.1/../../../../avr/lib/avr5/crtm32.o
 .data          0x00800060        0x2 hacsmain.o
                0x00800060                flag_pass
 .data          0x00800062       0x24 LcdDriver.o
                0x00800085                lcd_maxx
 .data          0x00800086       0x75 KeyPad.o
                0x008000eb                keytab
 .data          0x008000fb        0x0 UART.o
 .data          0x008000fb        0x0 SPI.o
 .data          0x008000fb       0x67 Packet.o
                0x0080015e                SOURCE
                0x0080015f                DESTINATION
                0x00800160                loop
 .data          0x00800162        0x0 Timer.o
 .data          0x00800162       0x1d RFIDstate.o
                0x0080017d                i
 .data          0x0080017f        0x0 Light.o
 .data          0x0080017f        0x0 c:/program files/atmel/avr tools/avr toolchain/bin/../lib/gcc/avr/4.5.1/avr5\libgcc.a(_exit.o)
 .data          0x0080017f        0x0 c:/program files/atmel/avr tools/avr toolchain/bin/../lib/gcc/avr/4.5.1/avr5\libgcc.a(_copy_data.o)
 .data          0x0080017f        0x0 c:/program files/atmel/avr tools/avr toolchain/bin/../lib/gcc/avr/4.5.1/avr5\libgcc.a(_clear_bss.o)
 .data          0x0080017f        0x0 c:/program files/atmel/avr tools/avr toolchain/bin/../lib/gcc/avr/4.5.1/../../../../avr/lib/avr5\libc.a(sprintf.o)
 .data          0x0080017f        0x0 c:/program files/atmel/avr tools/avr toolchain/bin/../lib/gcc/avr/4.5.1/../../../../avr/lib/avr5\libc.a(vfprintf_std.o)
 .data          0x0080017f        0x0 c:/program files/atmel/avr tools/avr toolchain/bin/../lib/gcc/avr/4.5.1/../../../../avr/lib/avr5\libc.a(strnlen_P.o)
 .data          0x0080017f        0x0 c:/program files/atmel/avr tools/avr toolchain/bin/../lib/gcc/avr/4.5.1/../../../../avr/lib/avr5\libc.a(strnlen.o)
 .data          0x0080017f        0x0 c:/program files/atmel/avr tools/avr toolchain/bin/../lib/gcc/avr/4.5.1/../../../../avr/lib/avr5\libc.a(fputc.o)
 .data          0x0080017f        0x0 c:/program files/atmel/avr tools/avr toolchain/bin/../lib/gcc/avr/4.5.1/../../../../avr/lib/avr5\libc.a(ultoa_invert.o)
 .data          0x0080017f        0x0 c:/program files/atmel/avr tools/avr toolchain/bin/../lib/gcc/avr/4.5.1/avr5\libgcc.a(_prologue.o)
 .data          0x0080017f        0x0 c:/program files/atmel/avr tools/avr toolchain/bin/../lib/gcc/avr/4.5.1/avr5\libgcc.a(_epilogue.o)
 *(.data*)
 *(.rodata)
 *(.rodata*)
 *(.gnu.linkonce.d*)
                0x00800180                . = ALIGN (0x2)
 *fill*         0x0080017f        0x1 00
                0x00800180                _edata = .
                0x00800180                PROVIDE (__data_end, .)

.bss            0x00800180       0x7f
                0x00800180                PROVIDE (__bss_start, .)
 *(.bss)
 .bss           0x00800180        0x0 c:/program files/atmel/avr tools/avr toolchain/bin/../lib/gcc/avr/4.5.1/../../../../avr/lib/avr5/crtm32.o
 .bss           0x00800180        0x0 hacsmain.o
 .bss           0x00800180        0x4 LcdDriver.o
                0x00800180                indx
                0x00800181                inx
                0x00800182                lcd_x
                0x00800183                lcd_y
 .bss           0x00800184        0x0 KeyPad.o
 .bss           0x00800184        0x0 UART.o
 .bss           0x00800184        0x0 SPI.o
 .bss           0x00800184        0x0 Packet.o
 .bss           0x00800184        0x0 Timer.o
 .bss           0x00800184        0x7 RFIDstate.o
                0x00800184                data
                0x00800185                spi_data_ready
                0x00800186                spi_flag
                0x00800187                j
                0x00800189                ii
 .bss           0x0080018b        0x0 Light.o
 .bss           0x0080018b        0x0 c:/program files/atmel/avr tools/avr toolchain/bin/../lib/gcc/avr/4.5.1/avr5\libgcc.a(_exit.o)
 .bss           0x0080018b        0x0 c:/program files/atmel/avr tools/avr toolchain/bin/../lib/gcc/avr/4.5.1/avr5\libgcc.a(_copy_data.o)
 .bss           0x0080018b        0x0 c:/program files/atmel/avr tools/avr toolchain/bin/../lib/gcc/avr/4.5.1/avr5\libgcc.a(_clear_bss.o)
 .bss           0x0080018b        0x0 c:/program files/atmel/avr tools/avr toolchain/bin/../lib/gcc/avr/4.5.1/../../../../avr/lib/avr5\libc.a(sprintf.o)
 .bss           0x0080018b        0x0 c:/program files/atmel/avr tools/avr toolchain/bin/../lib/gcc/avr/4.5.1/../../../../avr/lib/avr5\libc.a(vfprintf_std.o)
 .bss           0x0080018b        0x0 c:/program files/atmel/avr tools/avr toolchain/bin/../lib/gcc/avr/4.5.1/../../../../avr/lib/avr5\libc.a(strnlen_P.o)
 .bss           0x0080018b        0x0 c:/program files/atmel/avr tools/avr toolchain/bin/../lib/gcc/avr/4.5.1/../../../../avr/lib/avr5\libc.a(strnlen.o)
 .bss           0x0080018b        0x0 c:/program files/atmel/avr tools/avr toolchain/bin/../lib/gcc/avr/4.5.1/../../../../avr/lib/avr5\libc.a(fputc.o)
 .bss           0x0080018b        0x0 c:/program files/atmel/avr tools/avr toolchain/bin/../lib/gcc/avr/4.5.1/../../../../avr/lib/avr5\libc.a(ultoa_invert.o)
 .bss           0x0080018b        0x0 c:/program files/atmel/avr tools/avr toolchain/bin/../lib/gcc/avr/4.5.1/avr5\libgcc.a(_prologue.o)
 .bss           0x0080018b        0x0 c:/program files/atmel/avr tools/avr toolchain/bin/../lib/gcc/avr/4.5.1/avr5\libgcc.a(_epilogue.o)
 *(.bss*)
 *(COMMON)
 COMMON         0x0080018b        0x1 hacsmain.o
                0x0080018b                command
 COMMON         0x0080018c       0x21 LcdDriver.o
                0x0080018c                tmp
                0x0080018d                disp_buffer
 COMMON         0x008001ad        0xb KeyPad.o
                0x008001ad                password
                0x008001b1                rooms
                0x008001b5                access
                0x008001b6                keyit
                0x008001b7                row
 COMMON         0x008001b8       0x36 Packet.o
                0x008001b8                destination
                0x008001b9                source
                0x008001ba                dataBuffer
                0x008001ec                checksum
                0x008001ed                dataLength
 COMMON         0x008001ee       0x11 RFIDstate.o
                0x008001ee                Hexbuffer
                0x008001f0                buffer
                0x008001fe                key
                0x008001ff                PROVIDE (__bss_end, .)
                0x00000ffa                __data_load_start = LOADADDR (.data)
                0x0000111a                __data_load_end = (__data_load_start + SIZEOF (.data))

.noinit         0x008001ff        0x0
                0x008001ff                PROVIDE (__noinit_start, .)
 *(.noinit*)
                0x008001ff                PROVIDE (__noinit_end, .)
                0x008001ff                _end = .
                0x008001ff                PROVIDE (__heap_start, .)

.eeprom         0x00810000        0x0
 *(.eeprom*)
                0x00810000                __eeprom_end = .

.fuse
 *(.fuse)
 *(.lfuse)
 *(.hfuse)
 *(.efuse)

.lock
 *(.lock*)

.signature
 *(.signature*)

.stab           0x00000000      0xc84
 *(.stab)
 .stab          0x00000000      0x6cc c:/program files/atmel/avr tools/avr toolchain/bin/../lib/gcc/avr/4.5.1/../../../../avr/lib/avr5/crtm32.o
 .stab          0x000006cc       0x9c c:/program files/atmel/avr tools/avr toolchain/bin/../lib/gcc/avr/4.5.1/../../../../avr/lib/avr5\libc.a(strnlen_P.o)
                                 0xa8 (size before relaxing)
 .stab          0x00000768       0x9c c:/program files/atmel/avr tools/avr toolchain/bin/../lib/gcc/avr/4.5.1/../../../../avr/lib/avr5\libc.a(strnlen.o)
                                 0xa8 (size before relaxing)
 .stab          0x00000804      0x480 c:/program files/atmel/avr tools/avr toolchain/bin/../lib/gcc/avr/4.5.1/../../../../avr/lib/avr5\libc.a(ultoa_invert.o)
                                0x48c (size before relaxing)

.stabstr        0x00000000      0x1b6
 *(.stabstr)
 .stabstr       0x00000000      0x1b6 c:/program files/atmel/avr tools/avr toolchain/bin/../lib/gcc/avr/4.5.1/../../../../avr/lib/avr5/crtm32.o

.stab.excl
 *(.stab.excl)

.stab.exclstr
 *(.stab.exclstr)

.stab.index
 *(.stab.index)

.stab.indexstr
 *(.stab.indexstr)

.comment
 *(.comment)

.debug
 *(.debug)

.line
 *(.line)

.debug_srcinfo
 *(.debug_srcinfo)

.debug_sfnames
 *(.debug_sfnames)

.debug_aranges  0x00000000      0x180
 *(.debug_aranges)
 .debug_aranges
                0x00000000       0x20 hacsmain.o
 .debug_aranges
                0x00000020       0x20 LcdDriver.o
 .debug_aranges
                0x00000040       0x20 KeyPad.o
 .debug_aranges
                0x00000060       0x20 UART.o
 .debug_aranges
                0x00000080       0x20 SPI.o
 .debug_aranges
                0x000000a0       0x20 Packet.o
 .debug_aranges
                0x000000c0       0x20 Timer.o
 .debug_aranges
                0x000000e0       0x20 RFIDstate.o
 .debug_aranges
                0x00000100       0x20 Light.o
 .debug_aranges
                0x00000120       0x20 c:/program files/atmel/avr tools/avr toolchain/bin/../lib/gcc/avr/4.5.1/../../../../avr/lib/avr5\libc.a(sprintf.o)
 .debug_aranges
                0x00000140       0x20 c:/program files/atmel/avr tools/avr toolchain/bin/../lib/gcc/avr/4.5.1/../../../../avr/lib/avr5\libc.a(vfprintf_std.o)
 .debug_aranges
                0x00000160       0x20 c:/program files/atmel/avr tools/avr toolchain/bin/../lib/gcc/avr/4.5.1/../../../../avr/lib/avr5\libc.a(fputc.o)

.debug_pubnames
                0x00000000      0x4a4
 *(.debug_pubnames)
 .debug_pubnames
                0x00000000       0x45 hacsmain.o
 .debug_pubnames
                0x00000045       0xf9 LcdDriver.o
 .debug_pubnames
                0x0000013e       0xb5 KeyPad.o
 .debug_pubnames
                0x000001f3       0x51 UART.o
 .debug_pubnames
                0x00000244       0x4b SPI.o
 .debug_pubnames
                0x0000028f       0xc8 Packet.o
 .debug_pubnames
                0x00000357       0x1b Timer.o
 .debug_pubnames
                0x00000372       0xac RFIDstate.o
 .debug_pubnames
                0x0000041e       0x2d Light.o
 .debug_pubnames
                0x0000044b       0x1e c:/program files/atmel/avr tools/avr toolchain/bin/../lib/gcc/avr/4.5.1/../../../../avr/lib/avr5\libc.a(sprintf.o)
 .debug_pubnames
                0x00000469       0x1f c:/program files/atmel/avr tools/avr toolchain/bin/../lib/gcc/avr/4.5.1/../../../../avr/lib/avr5\libc.a(vfprintf_std.o)
 .debug_pubnames
                0x00000488       0x1c c:/program files/atmel/avr tools/avr toolchain/bin/../lib/gcc/avr/4.5.1/../../../../avr/lib/avr5\libc.a(fputc.o)

.debug_info     0x00000000     0x1d35
 *(.debug_info)
 .debug_info    0x00000000      0x199 hacsmain.o
 .debug_info    0x00000199      0x74f LcdDriver.o
 .debug_info    0x000008e8      0x45d KeyPad.o
 .debug_info    0x00000d45      0x118 UART.o
 .debug_info    0x00000e5d       0xc0 SPI.o
 .debug_info    0x00000f1d      0x354 Packet.o
 .debug_info    0x00001271       0x7d Timer.o
 .debug_info    0x000012ee      0x347 RFIDstate.o
 .debug_info    0x00001635       0x92 Light.o
 .debug_info    0x000016c7      0x1b7 c:/program files/atmel/avr tools/avr toolchain/bin/../lib/gcc/avr/4.5.1/../../../../avr/lib/avr5\libc.a(sprintf.o)
 .debug_info    0x0000187e      0x350 c:/program files/atmel/avr tools/avr toolchain/bin/../lib/gcc/avr/4.5.1/../../../../avr/lib/avr5\libc.a(vfprintf_std.o)
 .debug_info    0x00001bce      0x167 c:/program files/atmel/avr tools/avr toolchain/bin/../lib/gcc/avr/4.5.1/../../../../avr/lib/avr5\libc.a(fputc.o)
 *(.gnu.linkonce.wi.*)

.debug_abbrev   0x00000000      0xd30
 *(.debug_abbrev)
 .debug_abbrev  0x00000000      0x123 hacsmain.o
 .debug_abbrev  0x00000123      0x1f6 LcdDriver.o
 .debug_abbrev  0x00000319      0x1d4 KeyPad.o
 .debug_abbrev  0x000004ed       0x9b UART.o
 .debug_abbrev  0x00000588       0x85 SPI.o
 .debug_abbrev  0x0000060d      0x1a6 Packet.o
 .debug_abbrev  0x000007b3       0x4a Timer.o
 .debug_abbrev  0x000007fd      0x19f RFIDstate.o
 .debug_abbrev  0x0000099c       0x5f Light.o
 .debug_abbrev  0x000009fb       0xfd c:/program files/atmel/avr tools/avr toolchain/bin/../lib/gcc/avr/4.5.1/../../../../avr/lib/avr5\libc.a(sprintf.o)
 .debug_abbrev  0x00000af8      0x15f c:/program files/atmel/avr tools/avr toolchain/bin/../lib/gcc/avr/4.5.1/../../../../avr/lib/avr5\libc.a(vfprintf_std.o)
 .debug_abbrev  0x00000c57       0xd9 c:/program files/atmel/avr tools/avr toolchain/bin/../lib/gcc/avr/4.5.1/../../../../avr/lib/avr5\libc.a(fputc.o)

.debug_line     0x00000000     0x1d21
 *(.debug_line)
 .debug_line    0x00000000      0x1bd hacsmain.o
 .debug_line    0x000001bd      0x463 LcdDriver.o
 .debug_line    0x00000620      0x47d KeyPad.o
 .debug_line    0x00000a9d      0x15f UART.o
 .debug_line    0x00000bfc      0x136 SPI.o
 .debug_line    0x00000d32      0x218 Packet.o
 .debug_line    0x00000f4a      0x108 Timer.o
 .debug_line    0x00001052      0x294 RFIDstate.o
 .debug_line    0x000012e6       0xf8 Light.o
 .debug_line    0x000013de      0x1af c:/program files/atmel/avr tools/avr toolchain/bin/../lib/gcc/avr/4.5.1/../../../../avr/lib/avr5\libc.a(sprintf.o)
 .debug_line    0x0000158d      0x64d c:/program files/atmel/avr tools/avr toolchain/bin/../lib/gcc/avr/4.5.1/../../../../avr/lib/avr5\libc.a(vfprintf_std.o)
 .debug_line    0x00001bda      0x147 c:/program files/atmel/avr tools/avr toolchain/bin/../lib/gcc/avr/4.5.1/../../../../avr/lib/avr5\libc.a(fputc.o)

.debug_frame    0x00000000      0x320
 *(.debug_frame)
 .debug_frame   0x00000000       0x30 hacsmain.o
 .debug_frame   0x00000030       0xb0 LcdDriver.o
 .debug_frame   0x000000e0       0x70 KeyPad.o
 .debug_frame   0x00000150       0x50 UART.o
 .debug_frame   0x000001a0       0x40 SPI.o
 .debug_frame   0x000001e0       0x40 Packet.o
 .debug_frame   0x00000220       0x20 Timer.o
 .debug_frame   0x00000240       0x50 RFIDstate.o
 .debug_frame   0x00000290       0x30 Light.o
 .debug_frame   0x000002c0       0x20 c:/program files/atmel/avr tools/avr toolchain/bin/../lib/gcc/avr/4.5.1/../../../../avr/lib/avr5\libc.a(sprintf.o)
 .debug_frame   0x000002e0       0x20 c:/program files/atmel/avr tools/avr toolchain/bin/../lib/gcc/avr/4.5.1/../../../../avr/lib/avr5\libc.a(vfprintf_std.o)
 .debug_frame   0x00000300       0x20 c:/program files/atmel/avr tools/avr toolchain/bin/../lib/gcc/avr/4.5.1/../../../../avr/lib/avr5\libc.a(fputc.o)

.debug_str      0x00000000      0x563
 *(.debug_str)
 .debug_str     0x00000000       0xfd hacsmain.o
                                0x136 (size before relaxing)
 .debug_str     0x000000fd       0xcd LcdDriver.o
                                0x1d2 (size before relaxing)
 .debug_str     0x000001ca       0x7e KeyPad.o
                                0x193 (size before relaxing)
 .debug_str     0x00000248       0x3e UART.o
                                 0xef (size before relaxing)
 .debug_str     0x00000286       0x36 SPI.o
                                 0xe2 (size before relaxing)
 .debug_str     0x000002bc       0x81 Packet.o
                                0x1a1 (size before relaxing)
 .debug_str     0x0000033d        0xb Timer.o
                                 0xb2 (size before relaxing)
 .debug_str     0x00000348       0x5e RFIDstate.o
                                0x177 (size before relaxing)
 .debug_str     0x000003a6       0x1e Light.o
                                 0xc0 (size before relaxing)
 .debug_str     0x000003c4       0x99 c:/program files/atmel/avr tools/avr toolchain/bin/../lib/gcc/avr/4.5.1/../../../../avr/lib/avr5\libc.a(sprintf.o)
                                0x121 (size before relaxing)
 .debug_str     0x0000045d       0xb0 c:/program files/atmel/avr tools/avr toolchain/bin/../lib/gcc/avr/4.5.1/../../../../avr/lib/avr5\libc.a(vfprintf_std.o)
                                0x177 (size before relaxing)
 .debug_str     0x0000050d       0x56 c:/program files/atmel/avr tools/avr toolchain/bin/../lib/gcc/avr/4.5.1/../../../../avr/lib/avr5\libc.a(fputc.o)
                                 0xfb (size before relaxing)

.debug_loc      0x00000000      0xcae
 *(.debug_loc)
 .debug_loc     0x00000000       0x48 hacsmain.o
 .debug_loc     0x00000048      0x1be LcdDriver.o
 .debug_loc     0x00000206      0x260 KeyPad.o
 .debug_loc     0x00000466       0x42 UART.o
 .debug_loc     0x000004a8       0x85 Packet.o
 .debug_loc     0x0000052d       0x90 RFIDstate.o
 .debug_loc     0x000005bd      0x6a1 c:/program files/atmel/avr tools/avr toolchain/bin/../lib/gcc/avr/4.5.1/../../../../avr/lib/avr5\libc.a(vfprintf_std.o)
 .debug_loc     0x00000c5e       0x50 c:/program files/atmel/avr tools/avr toolchain/bin/../lib/gcc/avr/4.5.1/../../../../avr/lib/avr5\libc.a(fputc.o)

.debug_macinfo
 *(.debug_macinfo)
OUTPUT(hacsmain.elf elf32-avr)
LOAD linker stubs

.debug_pubtypes
                0x00000000      0x23c
 .debug_pubtypes
                0x00000000       0x2c hacsmain.o
 .debug_pubtypes
                0x0000002c       0x38 LcdDriver.o
 .debug_pubtypes
                0x00000064       0x38 KeyPad.o
 .debug_pubtypes
                0x0000009c       0x1e UART.o
 .debug_pubtypes
                0x000000ba       0x1e SPI.o
 .debug_pubtypes
                0x000000d8       0x2c Packet.o
 .debug_pubtypes
                0x00000104       0x1e Timer.o
 .debug_pubtypes
                0x00000122       0x38 RFIDstate.o
 .debug_pubtypes
                0x0000015a       0x1e Light.o
 .debug_pubtypes
                0x00000178       0x48 c:/program files/atmel/avr tools/avr toolchain/bin/../lib/gcc/avr/4.5.1/../../../../avr/lib/avr5\libc.a(sprintf.o)
 .debug_pubtypes
                0x000001c0       0x53 c:/program files/atmel/avr tools/avr toolchain/bin/../lib/gcc/avr/4.5.1/../../../../avr/lib/avr5\libc.a(vfprintf_std.o)
 .debug_pubtypes
                0x00000213       0x29 c:/program files/atmel/avr tools/avr toolchain/bin/../lib/gcc/avr/4.5.1/../../../../avr/lib/avr5\libc.a(fputc.o)

.debug_ranges   0x00000000       0x48
 .debug_ranges  0x00000000       0x10 c:/program files/atmel/avr tools/avr toolchain/bin/../lib/gcc/avr/4.5.1/../../../../avr/lib/avr5\libc.a(sprintf.o)
 .debug_ranges  0x00000010       0x28 c:/program files/atmel/avr tools/avr toolchain/bin/../lib/gcc/avr/4.5.1/../../../../avr/lib/avr5\libc.a(vfprintf_std.o)
 .debug_ranges  0x00000038       0x10 c:/program files/atmel/avr tools/avr toolchain/bin/../lib/gcc/avr/4.5.1/../../../../avr/lib/avr5\libc.a(fputc.o)
